#-----------------------------------------------------------
# Vivado v2025.1 (64-bit)
# SW Build 6140274 on Thu May 22 00:12:29 MDT 2025
# IP Build 6138677 on Thu May 22 03:10:11 MDT 2025
# SharedData Build 6139179 on Tue May 20 17:58:58 MDT 2025
# Start of session at: Wed Aug 20 20:04:40 2025
# Process ID         : 12488
# Current directory  : C:/Users/beful/ee214_proj1_req3/ee214_proj1_req3.runs/synth_1
# Command line       : vivado.exe -log all_led_sw.vds -product Vivado -mode batch -messageDb vivado.pb -notrace -source all_led_sw.tcl
# Log file           : C:/Users/beful/ee214_proj1_req3/ee214_proj1_req3.runs/synth_1/all_led_sw.vds
# Journal file       : C:/Users/beful/ee214_proj1_req3/ee214_proj1_req3.runs/synth_1\vivado.jou
# Running On         : Blaynes_Surface
# Platform           : Windows Server 2016 or Windows 10
# Operating System   : 26100
# Processor Detail   : 12th Gen Intel(R) Core(TM) i7-1255U
# CPU Frequency      : 2611 MHz
# CPU Physical cores : 10
# CPU Logical cores  : 12
# Host memory        : 34175 MB
# Swap memory        : 2147 MB
# Total Virtual      : 36322 MB
# Available Virtual  : 19562 MB
#-----------------------------------------------------------
source all_led_sw.tcl -notrace
